20:51:22.998 [main] INFO org.springframework.test.context.support.AnnotationConfigContextLoaderUtils -- Could not detect default configuration classes for test class [com.example.baitap.BaiTapApplicationTests]: BaiTapApplicationTests does not declare any static, non-private, non-final, nested classes annotated with @Configuration.
20:51:23.338 [main] INFO org.springframework.boot.test.context.SpringBootTestContextBootstrapper -- Found @SpringBootConfiguration com.example.baitap.BaiTapApplication for test class com.example.baitap.BaiTapApplicationTests
20:51:23.637 [main] INFO org.springframework.test.context.support.AnnotationConfigContextLoaderUtils -- Could not detect default configuration classes for test class [com.example.baitap.BaiTapApplicationTests]: BaiTapApplicationTests does not declare any static, non-private, non-final, nested classes annotated with @Configuration.
20:51:23.641 [main] INFO org.springframework.boot.test.context.SpringBootTestContextBootstrapper -- Found @SpringBootConfiguration com.example.baitap.BaiTapApplication for test class com.example.baitap.BaiTapApplicationTests
20:51:23.906 [main] INFO org.springframework.boot.devtools.restart.RestartApplicationListener -- Restart disabled due to context in which it is running

  .   ____          _            __ _ _
 /\\ / ___'_ __ _ _(_)_ __  __ _ \ \ \ \
( ( )\___ | '_ | '_| | '_ \/ _` | \ \ \ \
 \\/  ___)| |_)| | | | | || (_| |  ) ) ) )
  '  |____| .__|_| |_|_| |_\__, | / / / /
 =========|_|==============|___/=/_/_/_/

 :: Spring Boot ::                (v4.0.4)

2026-03-23T20:51:24.712+07:00  INFO 8580 --- [BaiTap] [           main] c.example.baitap.BaiTapApplicationTests  : Starting BaiTapApplicationTests using Java 23.0.1 with PID 8580 (started by THUY DUONG in D:\Hoctap\PRO115 Thuc tap tot nghiep\BaiTap)
2026-03-23T20:51:24.714+07:00  INFO 8580 --- [BaiTap] [           main] c.example.baitap.BaiTapApplicationTests  : The following 1 profile is active: "test"
2026-03-23T20:51:27.930+07:00  INFO 8580 --- [BaiTap] [           main] .s.d.r.c.RepositoryConfigurationDelegate : Bootstrapping Spring Data JPA repositories in DEFAULT mode.
2026-03-23T20:51:28.144+07:00  INFO 8580 --- [BaiTap] [           main] .s.d.r.c.RepositoryConfigurationDelegate : Finished Spring Data repository scanning in 179 ms. Found 4 JPA repository interfaces.
2026-03-23T20:51:29.768+07:00  INFO 8580 --- [BaiTap] [           main] org.hibernate.orm.jpa                    : HHH008540: Processing PersistenceUnitInfo [name: default]
2026-03-23T20:51:29.958+07:00  INFO 8580 --- [BaiTap] [           main] org.hibernate.orm.core                   : HHH000001: Hibernate ORM core version 7.2.7.Final
2026-03-23T20:51:31.634+07:00  INFO 8580 --- [BaiTap] [           main] o.s.o.j.p.SpringPersistenceUnitInfo      : No LoadTimeWeaver setup: ignoring JPA class transformer
2026-03-23T20:51:31.727+07:00  INFO 8580 --- [BaiTap] [           main] com.zaxxer.hikari.HikariDataSource       : HikariPool-1 - Starting...
2026-03-23T20:51:32.744+07:00  INFO 8580 --- [BaiTap] [           main] com.zaxxer.hikari.pool.HikariPool        : HikariPool-1 - Added connection conn0: url=jdbc:h2:mem:baitap user=SA
2026-03-23T20:51:32.747+07:00  INFO 8580 --- [BaiTap] [           main] com.zaxxer.hikari.HikariDataSource       : HikariPool-1 - Start completed.
2026-03-23T20:51:32.826+07:00  WARN 8580 --- [BaiTap] [           main] org.hibernate.orm.deprecation            : HHH90000025: H2Dialect does not need to be specified explicitly using 'hibernate.dialect' (remove the property setting and it will be selected by default)
2026-03-23T20:51:32.899+07:00  INFO 8580 --- [BaiTap] [           main] org.hibernate.orm.connections.pooling    : HHH10001005: Database info:
	Database JDBC URL [jdbc:h2:mem:baitap]
	Database driver: H2 JDBC Driver
	Database dialect: H2Dialect
	Database version: 2.4.240
	Default catalog/schema: baitap/public
	Autocommit mode: undefined/unknown
	Isolation level: READ_COMMITTED [default READ_COMMITTED]
	JDBC fetch size: 100
	Pool: DataSourceConnectionProvider
	Minimum pool size: undefined/unknown
	Maximum pool size: undefined/unknown
2026-03-23T20:51:35.768+07:00  INFO 8580 --- [BaiTap] [           main] org.hibernate.orm.core                   : HHH000489: No JTA platform available (set 'hibernate.transaction.jta.platform' to enable JTA platform integration)
2026-03-23T20:51:35.961+07:00  INFO 8580 --- [BaiTap] [           main] j.LocalContainerEntityManagerFactoryBean : Initialized JPA EntityManagerFactory for persistence unit 'default'
2026-03-23T20:51:36.272+07:00  INFO 8580 --- [BaiTap] [           main] o.s.d.j.r.query.QueryEnhancerFactories   : Hibernate is in classpath; If applicable, HQL parser will be used.
2026-03-23T20:51:38.000+07:00  WARN 8580 --- [BaiTap] [           main] .s.a.UserDetailsServiceAutoConfiguration : 

Using generated security password: 1d1a16d0-d717-4207-b1f8-3ca2fa575c3d

This generated password is for development use only. Your security configuration must be updated before running your application in production.

2026-03-23T20:51:38.031+07:00  INFO 8580 --- [BaiTap] [           main] r$InitializeUserDetailsManagerConfigurer : Global AuthenticationManager configured with UserDetailsService bean with name inMemoryUserDetailsManager
2026-03-23T20:51:39.437+07:00  WARN 8580 --- [BaiTap] [           main] ion$DefaultTemplateResolverConfiguration : Cannot find template location: classpath:/templates/ (please add some templates, check your Thymeleaf configuration, or set spring.thymeleaf.check-template-location=false)
2026-03-23T20:51:40.298+07:00  INFO 8580 --- [BaiTap] [           main] c.example.baitap.BaiTapApplicationTests  : Started BaiTapApplicationTests in 16.424 seconds (process running for 20.242)
.\mvnw.cmd : Mockito is currently self-attaching to enable the inline-mock-maker. This will no longer work in future 
releases of the JDK. Please add Mockito as an agent to your build as described in Mockito's documentation: 
https://javadoc.io/doc/org.mockito/mockito-core/latest/org.mockito/org/mockito/Mockito.html#0.3
At line:1 char:71
+ ... t.log' -ErrorAction SilentlyContinue; .\mvnw.cmd test -q 2>&1 | Tee-O ...
+                                           ~~~~~~~~~~~~~~~~~~~~~~~
    + CategoryInfo          : NotSpecified: (Mockito is curr...ockito.html#0.3:String) [], RemoteException
    + FullyQualifiedErrorId : NativeCommandError
 
WARNING: A Java agent has been loaded dynamically (C:\Users\THUY 
DUONG\.m2\repository\net\bytebuddy\byte-buddy-agent\1.17.8\byte-buddy-agent-1.17.8.jar)
WARNING: If a serviceability tool is in use, please run with -XX:+EnableDynamicAgentLoading to hide this warning
WARNING: If a serviceability tool is not in use, please run with -Djdk.instrument.traceUsage for more information
WARNING: Dynamic loading of agents will be disallowed by default in a future release
Java HotSpot(TM) 64-Bit Server VM warning: Sharing is only supported for boot loader classes because bootstrap 
classpath has been appended
